// Jest Snapshot v1, https://goo.gl/fbAQLP

exports[`<About /> matches the snapshot 1`] = `
<About>
  <div>
    <h1>
      About
    </h1>
  </div>
</About>
`;
