// Jest Snapshot v1, https://goo.gl/fbAQLP

exports[`<App /> matches the snapshot 1`] = `
<App>
  <div>
    <h1>
      React Works
    </h1>
    <p>
      Check if snapshot breaks
    </p>
    <h3>
      Next check
    </h3>
  </div>
</App>
`;
