// Jest Snapshot v1, https://goo.gl/fbAQLP

exports[`<Projects /> matches the snapshot 1`] = `
<Projects>
  <div>
    <h1>
      Projects
    </h1>
  </div>
</Projects>
`;
