// Jest Snapshot v1, https://goo.gl/fbAQLP

exports[`<Hint /> matches the snapshot 1`] = `
<Hint>
  <div>
    <h1>
      Hint
    </h1>
  </div>
</Hint>
`;
