// Jest Snapshot v1, https://goo.gl/fbAQLP

exports[`<HomePage /> matches the snapshot 1`] = `
<HomePage>
  <div>
    <h1>
      Home Page
    </h1>
  </div>
</HomePage>
`;
