// Jest Snapshot v1, https://goo.gl/fbAQLP

exports[`<App /> matches the snapshot 1`] = `
<App>
  <div>
    <h1>
      React Works
    </h1>
  </div>
</App>
`;
