// Jest Snapshot v1, https://goo.gl/fbAQLP

exports[`<ResultDisplay /> matches the snapshot 1`] = `
<ResultDisplay>
  <div>
    <h1>
      ResultDisplay
    </h1>
  </div>
</ResultDisplay>
`;
